// Jest Snapshot v1, https://goo.gl/fbAQLP

exports[`renders correctly 1`] = `
<div
  className="calc"
>
  <div
    className="display"
  >
    0
  </div>
  <button
    className="button"
    onClick={[Function]}
    type="button"
  >
    AC
  </button>
  <button
    className="button"
    onClick={[Function]}
    type="button"
  >
    %
  </button>
  <button
    className="button"
    onClick={[Function]}
    type="button"
  >
    +/-
  </button>
  <button
    className="button dark"
    onClick={[Function]}
    type="button"
  >
    /
  </button>
  <button
    className="button"
    onClick={[Function]}
    type="button"
  >
    7
  </button>
  <button
    className="button"
    onClick={[Function]}
    type="button"
  >
    8
  </button>
  <button
    className="button"
    onClick={[Function]}
    type="button"
  >
    9
  </button>
  <button
    className="button dark"
    onClick={[Function]}
    type="button"
  >
    *
  </button>
  <button
    className="button"
    onClick={[Function]}
    type="button"
  >
    4
  </button>
  <button
    className="button"
    onClick={[Function]}
    type="button"
  >
    5
  </button>
  <button
    className="button"
    onClick={[Function]}
    type="button"
  >
    6
  </button>
  <button
    className="button dark"
    onClick={[Function]}
    type="button"
  >
    -
  </button>
  <button
    className="button"
    onClick={[Function]}
    type="button"
  >
    1
  </button>
  <button
    className="button"
    onClick={[Function]}
    type="button"
  >
    2
  </button>
  <button
    className="button"
    onClick={[Function]}
    type="button"
  >
    3
  </button>
  <button
    className="button dark"
    onClick={[Function]}
    type="button"
  >
    +
  </button>
  <button
    className="button base"
    onClick={[Function]}
    type="button"
  >
    0
  </button>
  <button
    className="button"
    onClick={[Function]}
    type="button"
  >
    .
  </button>
  <button
    className="button dark"
    onClick={[Function]}
    type="button"
  >
    =
  </button>
</div>
`;
